
> Koreshield-docs@0.0.0 build
> docusaurus build

[INFO] [en] Creating an optimized production build...
[webpackbar] ℹ Compiling Client
[webpackbar] ℹ Compiling Server
[webpackbar] ✔ Server: Compiled successfully in 636.57ms
[webpackbar] ✔ Client: Compiled successfully in 791.71ms

[ERROR] Error: Unable to build website for locale en.
    at tryToBuildLocale (/Users/nsisong/projects/koreshield-docs/node_modules/@docusaurus/core/lib/commands/build/build.js:83:15)
    at async /Users/nsisong/projects/koreshield-docs/node_modules/@docusaurus/core/lib/commands/build/build.js:35:9
    at async mapAsyncSequential (/Users/nsisong/projects/koreshield-docs/node_modules/@docusaurus/utils/lib/jsUtils.js:21:24)
    at async Command.build (/Users/nsisong/projects/koreshield-docs/node_modules/@docusaurus/core/lib/commands/build/build.js:34:5)
    at async Promise.all (index 0)
    at async runCLI (/Users/nsisong/projects/koreshield-docs/node_modules/@docusaurus/core/lib/commands/cli.js:56:5)
    at async file:///Users/nsisong/projects/koreshield-docs/node_modules/@docusaurus/core/bin/docusaurus.mjs:44:3 {
  [cause]: Error: Docusaurus found broken links!
  
  Please check the pages of your site in the list below, and make sure you don't reference any path that does not exist.
  Note: it's possible to ignore broken links with the 'onBrokenLinks' Docusaurus configuration, and let the build pass.
  
  It looks like some of the broken links we found appear in many pages of your site.
  Maybe those broken links appear on all pages through your site layout?
  We recommend that you check your theme configuration for such links (particularly, theme navbar and footer).
  Frequent broken links are linking to:
  - /docs/monitoring-alerting/
  
  Exhaustive list of all broken links found:
  - Broken link on source page path = /advanced/performance/:
     -> linking to /docs/monitoring-alerting/
     -> linking to /docs/advanced/troubleshooting/
     -> linking to /docs/best-practices/caching/
  - Broken link on source page path = /advanced/rag-security/:
     -> linking to /docs/attack-detection/
     -> linking to /docs/integrations/langchain/
     -> linking to /docs/monitoring-alerting/
  - Broken link on source page path = /advanced/troubleshooting/:
     -> linking to /docs/advanced/streaming/
     -> linking to /docs/advanced/performance/
     -> linking to /docs/monitoring-alerting/
     -> linking to /docs/best-practices/error-handling/
  - Broken link on source page path = /case-studies/financial-services/:
     -> linking to /docs/case-studies/healthcare/
     -> linking to /docs/case-studies/rag-protection/
     -> linking to /docs/case-studies/code-generation/
  - Broken link on source page path = /case-studies/healthcare/:
     -> linking to /docs/compliance/hipaa/
     -> linking to /docs/advanced/rag-security/
  - Broken link on source page path = /getting-started/installation/:
     -> linking to /docs/getting-started/
     -> linking to /docs/configuration/
  - Broken link on source page path = /getting-started/quick-start/:
     -> linking to /docs/getting-started/installation/
     -> linking to /docs/features/rag-defense/
     -> linking to /docs/api/rest-api/
  - Broken link on source page path = /integrations/:
     -> linking to vue-nuxt/ (resolved as: /integrations/vue-nuxt/)
     -> linking to fastify/ (resolved as: /integrations/fastify/)
     -> linking to svelte/ (resolved as: /integrations/svelte/)
     -> linking to astro/ (resolved as: /integrations/astro/)
     -> linking to /docs/reference/sdk/
  - Broken link on source page path = /integrations/anthropic/:
     -> linking to /docs/getting-started/javascript/
     -> linking to /docs/advanced/streaming/
     -> linking to /docs/advanced/tool-security/
  - Broken link on source page path = /integrations/browser/:
     -> linking to /docs/reference/sdk/
     -> linking to /docs/integrations/
     -> linking to /docs/security/
     -> linking to /docs/monitoring/
  - Broken link on source page path = /integrations/deepseek/:
     -> linking to /docs/getting-started/python/
     -> linking to /docs/integrations/openai/
     -> linking to /docs/integrations/langchain/
  - Broken link on source page path = /integrations/docker/:
     -> linking to /docs/deployment-kubernetes/
     -> linking to /docs/production-checklist/
     -> linking to /docs/monitoring-alerting/
  - Broken link on source page path = /integrations/express/:
     -> linking to /docs/sdk-nodejs/
     -> linking to /docs/api-reference/
     -> linking to /docs/security-best-practices/
  - Broken link on source page path = /integrations/kubernetes/:
     -> linking to /docs/deployment-docker/
     -> linking to /docs/production-checklist/
     -> linking to /docs/monitoring-alerting/
  - Broken link on source page path = /integrations/langchain/:
     -> linking to /docs/sdk-python/
     -> linking to /docs/rag-security/
  - Broken link on source page path = /integrations/openai/:
     -> linking to /docs/getting-started/javascript/
     -> linking to /docs/advanced/streaming/
     -> linking to /docs/rate-limiting/
  - Broken link on source page path = /integrations/react-nextjs/:
     -> linking to /docs/reference/sdk/
     -> linking to /docs/integrations/openai/
     -> linking to /docs/security/
     -> linking to /docs/monitoring/
  
      at throwError (/Users/nsisong/projects/koreshield-docs/node_modules/@docusaurus/logger/lib/logger.js:80:11)
      at reportBrokenLinks (/Users/nsisong/projects/koreshield-docs/node_modules/@docusaurus/core/lib/server/brokenLinks.js:250:47)
      at handleBrokenLinks (/Users/nsisong/projects/koreshield-docs/node_modules/@docusaurus/core/lib/server/brokenLinks.js:282:5)
      at executeBrokenLinksCheck (/Users/nsisong/projects/koreshield-docs/node_modules/@docusaurus/core/lib/commands/build/buildLocale.js:119:47)
      at /Users/nsisong/projects/koreshield-docs/node_modules/@docusaurus/core/lib/commands/build/buildLocale.js:94:67
      at Object.async (/Users/nsisong/projects/koreshield-docs/node_modules/@docusaurus/logger/lib/perfLogger.js:42:47)
      at buildLocale (/Users/nsisong/projects/koreshield-docs/node_modules/@docusaurus/core/lib/commands/build/buildLocale.js:94:31)
      at async runBuildLocaleTask (/Users/nsisong/projects/koreshield-docs/node_modules/@docusaurus/core/lib/commands/build/build.js:98:5)
      at async /Users/nsisong/projects/koreshield-docs/node_modules/@docusaurus/core/lib/commands/build/build.js:79:13
      at async tryToBuildLocale (/Users/nsisong/projects/koreshield-docs/node_modules/@docusaurus/core/lib/commands/build/build.js:75:9)
}
[INFO] Docusaurus version: 3.9.2
Node version: v25.2.1
